// Jest Snapshot v1, https://goo.gl/fbAQLP

exports[`Deve renderizar o TBriefDescription, corretamente Deve preservar a estrutura visual do TBriefDescription 1`] = `
<div
  className="sc-eDLKEg"
>
  <h1
    className="sc-beyTiQ ezTqTU"
    color="gradient"
    data-testid="a-display"
    fontWeight="semibold"
  >
    Programador Frontend
  </h1>
  <h1
    className="sc-beyTiQ hNSGeZ"
    color="gray900"
    data-testid="a-display"
    fontWeight="semibold"
  >
    apaixonado por criação de interfaces inovadoras
  </h1>
  <p
    className="sc-guDMob eannY"
    color="gray50"
    data-testid="a-text"
    fontWeight="semibold"
  >
    Visite meu perfil no Linkedin e explore meus projetos no GitHub para descobrir como minhas habilidades podem agregar valor á sua equipe.
  </p>
  <button
    className="sc-dmyDmy fRZSRm"
    onClick={[MockFunction]}
  >
    Download CV
  </button>
  <button
    className="sc-dmyDmy fRZSRm"
    onClick={[MockFunction]}
  >
    Entre em Contato
  </button>
</div>
`;
